// Jest Snapshot v1, https://goo.gl/fbAQLP

exports[`Renders DateTimeSelector snapshot as expected 1`] = `
<View>
  <View>
    <View
      accessible={true}
      focusable={true}
      onClick={[Function]}
      onResponderGrant={[Function]}
      onResponderMove={[Function]}
      onResponderRelease={[Function]}
      onResponderTerminate={[Function]}
      onResponderTerminationRequest={[Function]}
      onStartShouldSetResponder={[Function]}
      style={
        Object {
          "opacity": 1,
        }
      }
    >
      <View
        style={
          Object {
            "alignItems": "center",
            "backgroundColor": "red",
            "borderRadius": 25,
            "justifyContent": "center",
            "paddingHorizontal": 25,
            "paddingVertical": 12,
          }
        }
      >
        <Text
          style={
            Object {
              "color": "white",
              "fontSize": 18,
            }
          }
        >
          Select Date
        </Text>
      </View>
    </View>
    <Text>
      Current Date: 
      
    </Text>
  </View>
  <View>
    <View
      accessible={true}
      focusable={true}
      onClick={[Function]}
      onResponderGrant={[Function]}
      onResponderMove={[Function]}
      onResponderRelease={[Function]}
      onResponderTerminate={[Function]}
      onResponderTerminationRequest={[Function]}
      onStartShouldSetResponder={[Function]}
      style={
        Object {
          "opacity": 1,
        }
      }
    >
      <View
        style={
          Object {
            "alignItems": "center",
            "backgroundColor": "red",
            "borderRadius": 25,
            "justifyContent": "center",
            "paddingHorizontal": 25,
            "paddingVertical": 12,
          }
        }
      >
        <Text
          style={
            Object {
              "color": "white",
              "fontSize": 18,
            }
          }
        >
          Select Time
        </Text>
      </View>
    </View>
    <Text>
      Time: 
      
    </Text>
  </View>
</View>
`;
