// Jest Snapshot v1, https://goo.gl/fbAQLP

exports[`Renders LogInComponent snapshot as expected 1`] = `
<View>
  <Text
    styles={
      Object {
        "color": "#474747",
        "fontSize": 20,
        "fontWeight": "bold",
        "marginBottom": 10,
        "marginLeft": 10,
        "marginRight": 10,
        "marginTop": 10,
      }
    }
  >
    Log-In Information
  </Text>
  <TextInput
    allowFontScaling={true}
    collapsable={false}
    editable={true}
    multiline={true}
    onChangeText={[Function]}
    onContentSizeChange={[Function]}
    onGestureHandlerEvent={[Function]}
    onGestureHandlerStateChange={[Function]}
    placeholder="Username"
    rejectResponderTermination={true}
    style={
      Array [
        30,
      ]
    }
    testID="text"
    underlineColorAndroid="transparent"
    value=""
  />
  <TextInput
    allowFontScaling={true}
    collapsable={false}
    editable={true}
    multiline={true}
    onChangeText={[Function]}
    onContentSizeChange={[Function]}
    onGestureHandlerEvent={[Function]}
    onGestureHandlerStateChange={[Function]}
    placeholder="Password"
    rejectResponderTermination={true}
    style={
      Array [
        30,
      ]
    }
    testID="text"
    underlineColorAndroid="transparent"
    value=""
  />
  <View
    accessible={true}
    focusable={true}
    onClick={[Function]}
    onResponderGrant={[Function]}
    onResponderMove={[Function]}
    onResponderRelease={[Function]}
    onResponderTerminate={[Function]}
    onResponderTerminationRequest={[Function]}
    onStartShouldSetResponder={[Function]}
    style={
      Object {
        "opacity": 1,
      }
    }
  >
    <View
      style={
        Object {
          "alignItems": "center",
          "backgroundColor": "red",
          "borderRadius": 25,
          "justifyContent": "center",
          "paddingHorizontal": 25,
          "paddingVertical": 12,
        }
      }
    >
      <Text
        style={
          Object {
            "color": "white",
            "fontSize": 18,
          }
        }
      >
        Log-In
      </Text>
    </View>
  </View>
</View>
`;
